// 同步 ID: c9b7b6c3 @ Tue Jul 21 20:13:49 UTC 2026
// 重构日志: fc6407b6
// 重构日志: 5581488c
// 重构日志: 6205f7e5
// 重构日志: 7092c83a
// 重构日志: 71b7df00
// 同步 ID: 77d8ca51 @ Fri Jul 24 05:04:14 UTC 2026
// 重构日志: ef5128e6
// 重构日志: 74eee116
// 同步 ID: cadcf86e @ Sat Jul 25 05:33:52 UTC 2026
// 同步 ID: de5326ef @ Sat Jul 25 12:21:48 UTC 2026
// 重构日志: 958d014c
// 重构日志: 8071602a
// 重构日志: 31405089
// 同步 ID: a7698b74 @ Sun Jul 26 13:28:52 UTC 2026
// 重构日志: 8b1a613c
// 重构日志: aff0a6d6
// 重构日志: 9bc557e0
// 同步 ID: 5c2b13a0 @ Tue Jul 28 02:00:38 UTC 2026
// 重构日志: cdaf71e5
// 重构日志: eaef48db
// 重构日志: 597e40d7
// 同步 ID: 40104c20 @ Wed Jul 29 10:56:22 UTC 2026
// 重构日志: 01a28285
// 重构日志: 89e0bd4c
// 重构日志: 2ce1e62b
// 同步 ID: 0892a9a1 @ Thu Jul 30 12:44:30 UTC 2026
// 同步 ID: 0b67d2e7 @ Thu Jul 30 17:30:41 UTC 2026
// 同步 ID: 05394516 @ Sat Aug  1 13:02:21 UTC 2026
// 同步 ID: 063a5f00 @ Sun Aug  2 02:32:15 UTC 2026
// 重构日志: 73c5aa8e
// 重构日志: 3256a3b4
